// #define APA 1
// #ifdef APA
A
// #else
// B
// #endif
