// #define APA
// #ifndef APA
// A
// #else
B
// #endif
