first
// #pragma include(directory/working2)
// #pragma include(working)
A
last
