first
// #pragma include(directory/working)
A
last
